
  .   ____          _            __ _ _
 /\\ / ___'_ __ _ _(_)_ __  __ _ \ \ \ \
( ( )\___ | '_ | '_| | '_ \/ _` | \ \ \ \
 \\/  ___)| |_)| | | | | || (_| |  ) ) ) )
  '  |____| .__|_| |_|_| |_\__, | / / / /
 =========|_|==============|___/=/_/_/_/

 :: Spring Boot ::                (v3.4.5)

2026-05-27 11:48:05 [main] INFO  c.c.bancaria.BancariaApplication - Starting BancariaApplication v0.0.1-SNAPSHOT using Java 21.0.11 with PID 892 (C:\tmp\conciliacionBancaria\conciliacion-bancaria\target\bancaria-0.0.1-SNAPSHOT.jar started by lenov in C:\tmp\conciliacionBancaria\conciliacion-bancaria)
2026-05-27 11:48:05 [main] DEBUG c.c.bancaria.BancariaApplication - Running with Spring Boot v3.4.5, Spring v6.2.6
2026-05-27 11:48:05 [main] INFO  c.c.bancaria.BancariaApplication - No active profile set, falling back to 1 default profile: "default"
2026-05-27 11:48:08 [main] INFO  o.s.d.r.c.RepositoryConfigurationDelegate - Bootstrapping Spring Data JPA repositories in DEFAULT mode.
2026-05-27 11:48:08 [main] INFO  o.s.d.r.c.RepositoryConfigurationDelegate - Finished Spring Data repository scanning in 194 ms. Found 7 JPA repository interfaces.
2026-05-27 11:48:10 [main] INFO  o.s.b.w.e.tomcat.TomcatWebServer - Tomcat initialized with port 8080 (http)
2026-05-27 11:48:10 [main] INFO  o.a.catalina.core.StandardService - Starting service [Tomcat]
2026-05-27 11:48:10 [main] INFO  o.a.catalina.core.StandardEngine - Starting Servlet engine: [Apache Tomcat/10.1.40]
2026-05-27 11:48:10 [main] INFO  o.a.c.c.C.[Tomcat].[localhost].[/] - Initializing Spring embedded WebApplicationContext
2026-05-27 11:48:10 [main] INFO  o.s.b.w.s.c.ServletWebServerApplicationContext - Root WebApplicationContext: initialization completed in 5233 ms
2026-05-27 11:48:11 [main] DEBUG c.c.bancaria.config.JwtAuthFilter - Filter 'jwtAuthFilter' configured for use
2026-05-27 11:48:11 [main] INFO  com.zaxxer.hikari.HikariDataSource - HikariPool-1 - Starting...
2026-05-27 11:48:11 [main] INFO  com.zaxxer.hikari.pool.HikariPool - HikariPool-1 - Added connection org.mariadb.jdbc.Connection@3b4ef59f
2026-05-27 11:48:11 [main] INFO  com.zaxxer.hikari.HikariDataSource - HikariPool-1 - Start completed.
2026-05-27 11:48:12 [main] INFO  org.flywaydb.core.FlywayExecutor - Database: jdbc:mariadb://localhost/conciliacion_db?user=root&password=******** (MariaDB 10.11)
2026-05-27 11:48:12 [main] INFO  o.f.core.internal.command.DbValidate - Successfully validated 8 migrations (execution time 00:00.089s)
2026-05-27 11:48:12 [main] INFO  o.f.core.internal.command.DbMigrate - Current version of schema `conciliacion_db`: 8
2026-05-27 11:48:12 [main] INFO  o.f.core.internal.command.DbMigrate - Schema `conciliacion_db` is up to date. No migration necessary.
2026-05-27 11:48:12 [main] INFO  o.h.jpa.internal.util.LogHelper - HHH000204: Processing PersistenceUnitInfo [name: default]
2026-05-27 11:48:12 [main] INFO  org.hibernate.Version - HHH000412: Hibernate ORM core version 6.6.13.Final
2026-05-27 11:48:12 [main] INFO  o.h.c.i.RegionFactoryInitiator - HHH000026: Second-level cache disabled
2026-05-27 11:48:14 [main] INFO  o.s.o.j.p.SpringPersistenceUnitInfo - No LoadTimeWeaver setup: ignoring JPA class transformer
2026-05-27 11:48:14 [main] WARN  org.hibernate.orm.deprecation - HHH90000025: MariaDBDialect does not need to be specified explicitly using 'hibernate.dialect' (remove the property setting and it will be selected by default)
2026-05-27 11:48:14 [main] INFO  o.hibernate.orm.connections.pooling - HHH10001005: Database info:
	Database JDBC URL [Connecting through datasource 'HikariDataSource (HikariPool-1)']
	Database driver: undefined/unknown
	Database version: 10.11.16
	Autocommit mode: undefined/unknown
	Isolation level: undefined/unknown
	Minimum pool size: undefined/unknown
	Maximum pool size: undefined/unknown
2026-05-27 11:48:16 [main] INFO  o.h.e.t.j.p.i.JtaPlatformInitiator - HHH000489: No JTA platform available (set 'hibernate.transaction.jta.platform' to enable JTA platform integration)
2026-05-27 11:48:17 [main] INFO  o.s.o.j.LocalContainerEntityManagerFactoryBean - Initialized JPA EntityManagerFactory for persistence unit 'default'
2026-05-27 11:48:17 [main] INFO  o.s.d.j.r.query.QueryEnhancerFactory - Hibernate is in classpath; If applicable, HQL parser will be used.
2026-05-27 11:48:21 [main] INFO  o.s.b.w.e.tomcat.TomcatWebServer - Tomcat started on port 8080 (http) with context path '/'
2026-05-27 11:48:21 [main] INFO  c.c.bancaria.BancariaApplication - Started BancariaApplication in 17.905 seconds (process running for 19.244)
2026-05-27 11:49:51 [http-nio-8080-exec-1] INFO  o.a.c.c.C.[Tomcat].[localhost].[/] - Initializing Spring DispatcherServlet 'dispatcherServlet'
2026-05-27 11:49:51 [http-nio-8080-exec-1] INFO  o.s.web.servlet.DispatcherServlet - Initializing Servlet 'dispatcherServlet'
2026-05-27 11:49:51 [http-nio-8080-exec-1] INFO  o.s.web.servlet.DispatcherServlet - Completed initialization in 2 ms
2026-05-27 12:04:22 [http-nio-8080-exec-5] INFO  c.c.b.a.out.logging.LoggingAdapter - {"timestamp":"2026-05-27T17:04:22.132477900Z","evento":"CLOSE_CONCILIACION","idConciliacion":1,"idUsuario":1}
